[127.0.0.1/index.php/from-the-abyss.html]
[backblue.gif]
[fade.gif]
[index.html]
[127.0.0.1/index.php/component/jcomments/feed/com_content/74]
[127.0.0.1/components/com_jcomments/tpl/default/style2dac.css]
[127.0.0.1/components/com_jcomments/js/jcomments-v2.38e0e.js]
[127.0.0.1/components/com_jcomments/libraries/joomlatune/ajax7b30.js]
[127.0.0.1/media/system/js/core.js]
[127.0.0.1/media/system/js/caption.js]
[127.0.0.1/templates/siteground-j16-36/css/template.css]
[127.0.0.1/index.php/menu-castlevania-aria-of-sorrow.html]
[127.0.0.1/index.php/castlevania-circle-of-the-moon.html]
[127.0.0.1/index.php/menu-ninja-cop.html]
[127.0.0.1/index.php/chrono-trigger-nds.html]
[127.0.0.1/index.php/the-world-ends-with-you-nds.html]
[127.0.0.1/index.php/correo-electronico.html]
[127.0.0.1/media/system/js/mootools-core.js]
[127.0.0.1/index.php/otras-vias.html]
[127.0.0.1/index.php/cronica.html]
[127.0.0.1/index.php/la-red.html]
[127.0.0.1/images/nintendods.png]
[i1085.photobucket.com/albums/j424/Wastor00/aksyslogo.png]
[i1085.photobucket.com/albums/j424/Wastor00/welme.png]
[i1085.photobucket.com/albums/j424/Wastor00/imagen5.png]
[i1085.photobucket.com/albums/j424/Wastor00/imagen6.png]
[127.0.0.1/images/boton2.png]
[127.0.0.1/media/system/js/mootools-more.js]
[127.0.0.1/images/boton1.png]
[127.0.0.1/index.php/from-the-abyss.html]
[127.0.0.1/components/com_jcomments/tpl/default/images/jc_blog.gif]
[127.0.0.1/components/com_jcomments/tpl/default/images/jc_busy.gif]
[127.0.0.1/components/com_jcomments/tpl/default/images/jc_link.gif]
[127.0.0.1/components/com_jcomments/tpl/default/images/jc_rss.gif]
[127.0.0.1/components/com_jcomments/tpl/default/images/jc_refresh.gif]
[127.0.0.1/components/com_jcomments/tpl/default/images/jc_subscribe.gif]
[127.0.0.1/components/com_jcomments/tpl/default/images/jc_date.gif]
[127.0.0.1/components/com_jcomments/tpl/default/images/jc_toolbar.gif]
[127.0.0.1/components/com_jcomments/tpl/default/images/jc_refreshg.gif]
[127.0.0.1/components/com_jcomments/tpl/default/images/jc_error.gif]
[127.0.0.1/components/com_jcomments/tpl/default/images/jc_info.gif]
[127.0.0.1/components/com_jcomments/tpl/default/images/jc_resize.gif]
[127.0.0.1/components/com_jcomments/tpl/default/images/jc_btnl.gif]
[127.0.0.1/components/com_jcomments/tpl/default/images/jc_btnr.gif]
[127.0.0.1/components/com_jcomments/tpl/default/images/jc_dot.gif]
[127.0.0.1/components/com_jcomments/tpl/default/images/jc_vote.gif]
[127.0.0.1/components/com_jcomments/tpl/default/images/jc_bbcodes.gif]
[127.0.0.1/components/com_jcomments/tpl/default/images/jc_rb_tl.gif]
[127.0.0.1/components/com_jcomments/tpl/default/images/jc_rb_tr.gif]
[127.0.0.1/components/com_jcomments/tpl/default/images/jc_rb_bl.gif]
[127.0.0.1/components/com_jcomments/tpl/default/images/jc_rb_br.gif]
[127.0.0.1/components/com_jcomments/tpl/default/style2dac.css]
[127.0.0.1/templates/siteground-j16-36/images/page_bg.png]
[127.0.0.1/templates/siteground-j16-36/images/header_bg.png]
[127.0.0.1/templates/siteground-j16-36/images/wrap_bg.png]
[127.0.0.1/templates/siteground-j16-36/images/transparente.png]
[127.0.0.1/templates/siteground-j16-36/images/search_btn.png]
[127.0.0.1/templates/siteground-j16-36/images/search_button.png]
[127.0.0.1/templates/siteground-j16-36/images/column_bg.png]
[127.0.0.1/templates/siteground-j16-36/images/box_h3.png]
[127.0.0.1/templates/siteground-j16-36/images/footer_bg.png]
[127.0.0.1/templates/siteground-j16-36/images/menu_sep.png]
[127.0.0.1/templates/siteground-j16-36/images/but.png]
[127.0.0.1/templates/siteground-j16-36/css/template.css]
[127.0.0.1/templates/siteground-j16-36/images/list_bullet.gif]
[127.0.0.1/images/gameboyadvance.png]
[127.0.0.1/index.php/component/jcomments/feed/com_content/71]
[i1085.photobucket.com/albums/j424/Wastor00/castle2.png]
[i1085.photobucket.com/albums/j424/Wastor00/castle1.png]
[i1085.photobucket.com/albums/j424/Wastor00/castle3.png]
[i1085.photobucket.com/albums/j424/Wastor00/castle4.png]
[127.0.0.1/components/com_jcomments/images/smiles/laugh.gif]
[127.0.0.1/components/com_jcomments/images/smiles/lol.gif]
[127.0.0.1/components/com_jcomments/images/smiles/wink.gif]
[127.0.0.1/components/com_jcomments/images/smiles/redface.gif]
[127.0.0.1/index.php/menu-castlevania-aria-of-sorrow.html]
[127.0.0.1/index.php/component/jcomments/feed/com_content/72]
[i1085.photobucket.com/albums/j424/Wastor00/Moontrad7.png]
[i1085.photobucket.com/albums/j424/Wastor00/Moontrad3.png]
[i1085.photobucket.com/albums/j424/Wastor00/Moontrad6.png]
[i1085.photobucket.com/albums/j424/Wastor00/Moontrad1.png]
[127.0.0.1/components/com_jcomments/images/smiles/smile.gif]
[127.0.0.1/index.php/castlevania-circle-of-the-moon.html]
[127.0.0.1/index.php/component/jcomments/feed/com_content/82]
[i1085.photobucket.com/albums/j424/Wastor00/NinjaCop_ESPpag1_zpsc91cb41d.png]
[i1085.photobucket.com/albums/j424/Wastor00/NinjaCop_ESP2_zps90c30ffa.png]
[i1085.photobucket.com/albums/j424/Wastor00/NinjaCop_ESP1_zpsec8329ff.png]
[i1085.photobucket.com/albums/j424/Wastor00/NinjaCop_ESPpag4_zps97bc9af3.png]
[127.0.0.1/index.php/menu-ninja-cop.html]
[127.0.0.1/index.php/component/jcomments/feed/com_content/75]
[i1085.photobucket.com/albums/j424/Wastor00/chrono1.png]
[i1085.photobucket.com/albums/j424/Wastor00/chrono2.png]
[i1085.photobucket.com/albums/j424/Wastor00/chrono3.png]
[i1085.photobucket.com/albums/j424/Wastor00/chrono4.png]
[127.0.0.1/components/com_jcomments/images/smiles/shocked.gif]
[127.0.0.1/index.php/chrono-trigger-nds.html]
[127.0.0.1/index.php/component/jcomments/feed/com_content/76]
[127.0.0.1/index.php/the-world-ends-with-you-nds.html]
[127.0.0.1/index.php/correo-electronico.html]
[127.0.0.1/index.php/otras-vias.html]
[127.0.0.1/index.php/cronicac0d0]
[127.0.0.1/index.php/cronica7b17]
[127.0.0.1/index.php/cronica/81-riviera-the-promised-land-progresos.html]
[127.0.0.1/index.php/cronica/80-summon-night-swordcraft-story-primeros-pasos.html]
[127.0.0.1/index.php/cronica.html]
[127.0.0.1/index.php/la-redc0d0]
[127.0.0.1/index.php/la-red7b17]
[127.0.0.1/index.php/la-red.html]
[127.0.0.1/index.php/component/jcomments/index.html]
[127.0.0.1/index.php/laugh.html]
[127.0.0.1/index.php/lol.html]
[127.0.0.1/index.php/smile.html]
[127.0.0.1/index.php/wink.html]
[127.0.0.1/index.php/cool.html]
[127.0.0.1/index.php/normal.html]
[127.0.0.1/index.php/whistling.html]
[127.0.0.1/index.php/redface.html]
[127.0.0.1/index.php/sad.html]
[127.0.0.1/index.php/cry.html]
[127.0.0.1/index.php/surprised.html]
[127.0.0.1/index.php/confused.html]
[127.0.0.1/index.php/sick.html]
[127.0.0.1/index.php/shocked.html]
[127.0.0.1/index.php/sleeping.html]
[127.0.0.1/index.php/tongue.html]
[127.0.0.1/index.php/rolleyes.html]
[127.0.0.1/index.php/unsure.html]
[127.0.0.1/templates/siteground-j16-36/images/top_menu_r_bg.html]
[127.0.0.1/templates/siteground-j16-36/images/top_menu_l_bg.html]
[127.0.0.1/templates/siteground-j16-36/images/search_bg.html]
[127.0.0.1/templates/siteground-j16-36/images/arrow-2.html]
[tiovictor.romhackhispano.org/wp-content/uploads/2011/11/TituloES.html]
[tiovictor.romhackhispano.org/wp-content/uploads/2011/11/TWEWYEsp100_28_9149.html]
[127.0.0.1/index.php/component/jcomments/feed/com_content/81]
[127.0.0.1/index.php/cronica/81-riviera-the-promised-land-progresos.html]
[127.0.0.1/index.php/component/jcomments/feed/com_content/80]
[i1085.photobucket.com/albums/j424/Wastor00/summonbug-1.png]
[127.0.0.1/index.php/cronica/80-summon-night-swordcraft-story-primeros-pasos.html]
[127.0.0.1/index.php/cronica/laugh.html]
[127.0.0.1/index.php/cronica/lol.html]
[127.0.0.1/index.php/cronica/smile.html]
[127.0.0.1/index.php/cronica/wink.html]
[127.0.0.1/index.php/cronica/cool.html]
[127.0.0.1/index.php/cronica/normal.html]
[127.0.0.1/index.php/cronica/whistling.html]
[127.0.0.1/index.php/cronica/redface.html]
[127.0.0.1/index.php/cronica/sad.html]
[127.0.0.1/index.php/cronica/cry.html]
[127.0.0.1/index.php/cronica/surprised.html]
[127.0.0.1/index.php/cronica/confused.html]
[127.0.0.1/index.php/cronica/sick.html]
[127.0.0.1/index.php/cronica/shocked.html]
[127.0.0.1/index.php/cronica/sleeping.html]
[127.0.0.1/index.php/cronica/tongue.html]
[127.0.0.1/index.php/cronica/rolleyes.html]
[127.0.0.1/index.php/cronica/unsure.html]
